<?xml version="1.0" encoding="utf-8"?><TestRun id="be53319f-d278-4455-8ab3-96da8664ff28" name="cmiller@QA-030969 2019-01-03 15:19:45" runUser="ONBASE\cmiller" xmlns="http://microsoft.com/schemas/VisualStudio/TeamTest/2010"><Times creation="2019-01-03T15:19:45.5093559-05:00" queuing="2019-01-03T15:19:45.5093559-05:00" start="2019-01-03T15:19:43.9244956-05:00" finish="2019-01-03T15:19:45.7347890-05:00" /><TestSettings name="default" id="9fd7cc92-cf50-4304-a6b3-01a95d0e7ea1"><Deployment runDeploymentRoot="cmiller_QA-030969_2019-01-03_15_19_45" /></TestSettings><Results><UnitTestResult executionId="2889ebc4-4b79-4e5b-8b5c-93824c8d8ca8" testId="2477f8b3-e3a1-4931-8731-f11ad5ecae49" testName="HotPotato.Middleware.ProxyMiddlewareTest.Constructor_NullConfiguration_Throws" computerName="QA-030969" duration="00:00:00.0010000" startTime="2019-01-03T15:19:45.6223973-05:00" endTime="2019-01-03T15:19:45.6223976-05:00" testType="13cdc9d9-ddb5-4fa4-a97d-d965ccfc6d4b" outcome="Passed" testListId="8c84fa94-04c1-424b-9868-57a2d4851a1d" relativeResultsDirectory="2889ebc4-4b79-4e5b-8b5c-93824c8d8ca8" /><UnitTestResult executionId="4122c9de-3754-4d09-abfe-cee0f90c79bc" testId="527b9fbe-18c4-4b36-8cd6-8a1a032771ac" testName="HotPotato.Matchers.PathMatcherTest.Match_ParamAtEnd" computerName="QA-030969" duration="00:00:00.0010000" startTime="2019-01-03T15:19:45.4581562-05:00" endTime="2019-01-03T15:19:45.4581565-05:00" testType="13cdc9d9-ddb5-4fa4-a97d-d965ccfc6d4b" outcome="Passed" testListId="8c84fa94-04c1-424b-9868-57a2d4851a1d" relativeResultsDirectory="4122c9de-3754-4d09-abfe-cee0f90c79bc" /><UnitTestResult executionId="ce1e7f4a-c667-4bee-b0a4-d7ea3b1f613b" testId="bc727c74-b601-49d2-a1f7-7491a1270901" testName="HotPotato.Proxy.Default.ProxyTest.ProcessAsync_CallsClient(method: &quot;POST&quot;)" computerName="QA-030969" duration="00:00:00.0010000" startTime="2019-01-03T15:19:45.6193418-05:00" endTime="2019-01-03T15:19:45.6193421-05:00" testType="13cdc9d9-ddb5-4fa4-a97d-d965ccfc6d4b" outcome="Passed" testListId="8c84fa94-04c1-424b-9868-57a2d4851a1d" relativeResultsDirectory="ce1e7f4a-c667-4bee-b0a4-d7ea3b1f613b" /><UnitTestResult executionId="397178a5-81a5-4e03-a05f-6ceb62b3158c" testId="9a4b3b1e-db93-40eb-8fbc-a8594eb6bf51" testName="HotPotato.Validators.HeaderValidatorTest.Validate_KeyNotFound" computerName="QA-030969" duration="00:00:00.0010000" startTime="2019-01-03T15:19:45.4584539-05:00" endTime="2019-01-03T15:19:45.4584542-05:00" testType="13cdc9d9-ddb5-4fa4-a97d-d965ccfc6d4b" outcome="Passed" testListId="8c84fa94-04c1-424b-9868-57a2d4851a1d" relativeResultsDirectory="397178a5-81a5-4e03-a05f-6ceb62b3158c" /><UnitTestResult executionId="29fd379f-a744-4f65-8c98-7262c7daab55" testId="d6edec59-dc55-406d-8603-c9966e901576" testName="HotPotato.Validators.HeaderValidatorTest.Validate_ValidSchema" computerName="QA-030969" duration="00:00:00.0610000" startTime="2019-01-03T15:19:45.4583500-05:00" endTime="2019-01-03T15:19:45.4583503-05:00" testType="13cdc9d9-ddb5-4fa4-a97d-d965ccfc6d4b" outcome="Passed" testListId="8c84fa94-04c1-424b-9868-57a2d4851a1d" relativeResultsDirectory="29fd379f-a744-4f65-8c98-7262c7daab55" /><UnitTestResult executionId="34f30652-7af6-42b3-82c2-dee6c4ff71e7" testId="5bb83e3f-4e59-4441-bb43-31204a20b53b" testName="HotPotato.Proxy.Default.ProxyTest.ProcessAsync_CallsClient(method: &quot;GET&quot;)" computerName="QA-030969" duration="00:00:00.0010000" startTime="2019-01-03T15:19:45.6180209-05:00" endTime="2019-01-03T15:19:45.6180209-05:00" testType="13cdc9d9-ddb5-4fa4-a97d-d965ccfc6d4b" outcome="Passed" testListId="8c84fa94-04c1-424b-9868-57a2d4851a1d" relativeResultsDirectory="34f30652-7af6-42b3-82c2-dee6c4ff71e7" /><UnitTestResult executionId="fb8fdd77-2c78-476a-934f-b5346db6c721" testId="93505cc8-83cc-4580-98be-ed0d64d3b18f" testName="HotPotato.Http.HttpHeadersTest.Add_KeyDoesExist_AddsToList" computerName="QA-030969" duration="00:00:00.0120000" startTime="2019-01-03T15:19:45.3958353-05:00" endTime="2019-01-03T15:19:45.3958356-05:00" testType="13cdc9d9-ddb5-4fa4-a97d-d965ccfc6d4b" outcome="Passed" testListId="8c84fa94-04c1-424b-9868-57a2d4851a1d" relativeResultsDirectory="fb8fdd77-2c78-476a-934f-b5346db6c721" /><UnitTestResult executionId="838f64cb-875e-42bd-b9e6-eeb1e9f5823e" testId="91a0a756-6e05-44a1-a8d5-08def7e50390" testName="HotPotato.Validators.BodyValidatorTest.Validate_InvalidBody" computerName="QA-030969" duration="00:00:00.1100000" startTime="2019-01-03T15:19:45.5454163-05:00" endTime="2019-01-03T15:19:45.5454172-05:00" testType="13cdc9d9-ddb5-4fa4-a97d-d965ccfc6d4b" outcome="Passed" testListId="8c84fa94-04c1-424b-9868-57a2d4851a1d" relativeResultsDirectory="838f64cb-875e-42bd-b9e6-eeb1e9f5823e" /><UnitTestResult executionId="46018a99-09cf-4cff-8ebe-69ead853bc76" testId="38188834-f362-48f1-99af-b972b21dcc09" testName="HotPotato.Http.HttpHeadersTest.Add_List_AppliesListToKey" computerName="QA-030969" duration="00:00:00.0010000" startTime="2019-01-03T15:19:45.4575630-05:00" endTime="2019-01-03T15:19:45.4575630-05:00" testType="13cdc9d9-ddb5-4fa4-a97d-d965ccfc6d4b" outcome="Passed" testListId="8c84fa94-04c1-424b-9868-57a2d4851a1d" relativeResultsDirectory="46018a99-09cf-4cff-8ebe-69ead853bc76" /><UnitTestResult executionId="f9573703-ebfd-4204-8477-2260919b55bb" testId="651be67f-c69e-4ac5-b040-a020f6bd0e5b" testName="HotPotato.Middleware.ProxyMiddlewareTest.Invoke_Throws_Rethrows" computerName="QA-030969" duration="00:00:00.2500000" startTime="2019-01-03T15:19:45.6197607-05:00" endTime="2019-01-03T15:19:45.6197610-05:00" testType="13cdc9d9-ddb5-4fa4-a97d-d965ccfc6d4b" outcome="Passed" testListId="8c84fa94-04c1-424b-9868-57a2d4851a1d" relativeResultsDirectory="f9573703-ebfd-4204-8477-2260919b55bb" /><UnitTestResult executionId="18977f57-cd4c-4b55-bd93-85014fcfd711" testId="868bf168-b5f3-4eed-9301-114f08a95b08" testName="HotPotato.Proxy.Default.ProxyTest.ProcessAsync_CallsClient(method: &quot;DELETE&quot;)" computerName="QA-030969" duration="00:00:00.0010000" startTime="2019-01-03T15:19:45.6180609-05:00" endTime="2019-01-03T15:19:45.6180609-05:00" testType="13cdc9d9-ddb5-4fa4-a97d-d965ccfc6d4b" outcome="Passed" testListId="8c84fa94-04c1-424b-9868-57a2d4851a1d" relativeResultsDirectory="18977f57-cd4c-4b55-bd93-85014fcfd711" /><UnitTestResult executionId="732512a3-3fa6-4953-a571-a18983bbf219" testId="a4f9a45d-5cb4-4110-b237-0f9e2ee0f887" testName="HotPotato.Proxy.Default.ProxyTest.ProcessAsync_CallsClient(method: &quot;OPTIONS&quot;)" computerName="QA-030969" duration="00:00:00.2470000" startTime="2019-01-03T15:19:45.6164510-05:00" endTime="2019-01-03T15:19:45.6164516-05:00" testType="13cdc9d9-ddb5-4fa4-a97d-d965ccfc6d4b" outcome="Passed" testListId="8c84fa94-04c1-424b-9868-57a2d4851a1d" relativeResultsDirectory="732512a3-3fa6-4953-a571-a18983bbf219" /><UnitTestResult executionId="33e5ab51-68c2-46da-ab2f-9a4afd40ddfa" testId="aa3fffa1-67fe-4e65-94f9-4b7acef82ef2" testName="HotPotato.Matchers.PathMatcherTest.Match_WithParameters" computerName="QA-030969" duration="00:00:00.0010000" startTime="2019-01-03T15:19:45.4007009-05:00" endTime="2019-01-03T15:19:45.4007012-05:00" testType="13cdc9d9-ddb5-4fa4-a97d-d965ccfc6d4b" outcome="Passed" testListId="8c84fa94-04c1-424b-9868-57a2d4851a1d" relativeResultsDirectory="33e5ab51-68c2-46da-ab2f-9a4afd40ddfa" /><UnitTestResult executionId="fb0a519e-cf20-4195-aa51-bbc7e26daecc" testId="c2acd955-207f-4159-bb02-6f9d3d9da95d" testName="HotPotato.Proxy.Default.ProxyTest.ProcessAsync_CallsClient(method: &quot;PATCH&quot;)" computerName="QA-030969" duration="00:00:00.0010000" startTime="2019-01-03T15:19:45.6188457-05:00" endTime="2019-01-03T15:19:45.6188457-05:00" testType="13cdc9d9-ddb5-4fa4-a97d-d965ccfc6d4b" outcome="Passed" testListId="8c84fa94-04c1-424b-9868-57a2d4851a1d" relativeResultsDirectory="fb0a519e-cf20-4195-aa51-bbc7e26daecc" /><UnitTestResult executionId="64fe17d7-8094-447d-a4ce-37f565a31d64" testId="a8473fd2-755c-4480-a72a-386ab91eefe9" testName="HotPotato.Proxy.Default.ProxyTest.ProcessAsync_CallsClient(method: &quot;PUT&quot;)" computerName="QA-030969" duration="00:00:00.0010000" startTime="2019-01-03T15:19:45.6199864-05:00" endTime="2019-01-03T15:19:45.6199864-05:00" testType="13cdc9d9-ddb5-4fa4-a97d-d965ccfc6d4b" outcome="Passed" testListId="8c84fa94-04c1-424b-9868-57a2d4851a1d" relativeResultsDirectory="64fe17d7-8094-447d-a4ce-37f565a31d64" /><UnitTestResult executionId="dbf8c33c-bfc9-4e8a-81c2-7fe224bddfb1" testId="a1b3562a-4648-4969-9c44-4feeb8d26482" testName="HotPotato.Validators.BodyValidatorTest.Validate_ValidBody" computerName="QA-030969" duration="00:00:00.0660000" startTime="2019-01-03T15:19:45.4585555-05:00" endTime="2019-01-03T15:19:45.4585558-05:00" testType="13cdc9d9-ddb5-4fa4-a97d-d965ccfc6d4b" outcome="Passed" testListId="8c84fa94-04c1-424b-9868-57a2d4851a1d" relativeResultsDirectory="dbf8c33c-bfc9-4e8a-81c2-7fe224bddfb1" /><UnitTestResult executionId="68b37bb2-654b-4a3a-aaeb-c743349a9f23" testId="badff1cc-07c1-4e1c-820f-8bcac997b761" testName="HotPotato.Matchers.PathMatcherTest.Match_NotInList_ReturnsEmpty" computerName="QA-030969" duration="00:00:00.0110000" startTime="2019-01-03T15:19:45.3895038-05:00" endTime="2019-01-03T15:19:45.3895107-05:00" testType="13cdc9d9-ddb5-4fa4-a97d-d965ccfc6d4b" outcome="Passed" testListId="8c84fa94-04c1-424b-9868-57a2d4851a1d" relativeResultsDirectory="68b37bb2-654b-4a3a-aaeb-c743349a9f23" /><UnitTestResult executionId="77e89e3e-00cb-45b4-b653-a0722a275fe0" testId="889a80bb-3b68-45aa-a0c0-c66b8d6d9862" testName="HotPotato.Middleware.ProxyMiddlewareTest.Constructor_NullProxy_Throws" computerName="QA-030969" duration="00:00:00.0010000" startTime="2019-01-03T15:19:45.6228985-05:00" endTime="2019-01-03T15:19:45.6228988-05:00" testType="13cdc9d9-ddb5-4fa4-a97d-d965ccfc6d4b" outcome="Passed" testListId="8c84fa94-04c1-424b-9868-57a2d4851a1d" relativeResultsDirectory="77e89e3e-00cb-45b4-b653-a0722a275fe0" /><UnitTestResult executionId="8955923a-6660-4aea-8dbc-2823090e23da" testId="ab769c89-4a5d-40b1-88af-54d2b178f4ca" testName="HotPotato.Http.HttpHeadersTest.Add_KeyDoesntExist_CreatesKey" computerName="QA-030969" duration="00:00:00.0010000" startTime="2019-01-03T15:19:45.4582165-05:00" endTime="2019-01-03T15:19:45.4582165-05:00" testType="13cdc9d9-ddb5-4fa4-a97d-d965ccfc6d4b" outcome="Passed" testListId="8c84fa94-04c1-424b-9868-57a2d4851a1d" relativeResultsDirectory="8955923a-6660-4aea-8dbc-2823090e23da" /><UnitTestResult executionId="4526462a-badb-4cec-aa6f-7c8a8fffd2b3" testId="18dcdcb6-9b1d-4cc3-afe5-eb4a4f2a0c14" testName="HotPotato.Middleware.ProxyMiddlewareTest.Invoke_CallsProxy" computerName="QA-030969" duration="00:00:00.0080000" startTime="2019-01-03T15:19:45.6308460-05:00" endTime="2019-01-03T15:19:45.6308466-05:00" testType="13cdc9d9-ddb5-4fa4-a97d-d965ccfc6d4b" outcome="Passed" testListId="8c84fa94-04c1-424b-9868-57a2d4851a1d" relativeResultsDirectory="4526462a-badb-4cec-aa6f-7c8a8fffd2b3" /><UnitTestResult executionId="1743f203-f2bf-4e38-9e7e-d574407b63db" testId="0e86c6c4-b202-44fe-905a-8ade63f75bfb" testName="HotPotato.Matchers.PathMatcherTest.Match_WithNormalPaths" computerName="QA-030969" duration="00:00:00.0010000" startTime="2019-01-03T15:19:45.4006474-05:00" endTime="2019-01-03T15:19:45.4006480-05:00" testType="13cdc9d9-ddb5-4fa4-a97d-d965ccfc6d4b" outcome="Passed" testListId="8c84fa94-04c1-424b-9868-57a2d4851a1d" relativeResultsDirectory="1743f203-f2bf-4e38-9e7e-d574407b63db" /><UnitTestResult executionId="9bdc3882-a481-44ec-8695-db8e2070dc65" testId="632ec446-cb34-417d-85f2-bcf68b922ddd" testName="HotPotato.Validators.HeaderValidatorTest.Validate_InvalidSchema" computerName="QA-030969" duration="00:00:00.1140000" startTime="2019-01-03T15:19:45.5454761-05:00" endTime="2019-01-03T15:19:45.5454761-05:00" testType="13cdc9d9-ddb5-4fa4-a97d-d965ccfc6d4b" outcome="Passed" testListId="8c84fa94-04c1-424b-9868-57a2d4851a1d" relativeResultsDirectory="9bdc3882-a481-44ec-8695-db8e2070dc65" /><UnitTestResult executionId="0f1c531b-5c4f-4653-a3f8-2d4fc98de669" testId="1823a539-0a71-44ec-866f-1e5d1d0eda1d" testName="HotPotato.Middleware.ProxyMiddlewareTest.Constructor_NullLogger_Throws" computerName="QA-030969" duration="00:00:00.0020000" startTime="2019-01-03T15:19:45.6217955-05:00" endTime="2019-01-03T15:19:45.6217958-05:00" testType="13cdc9d9-ddb5-4fa4-a97d-d965ccfc6d4b" outcome="Passed" testListId="8c84fa94-04c1-424b-9868-57a2d4851a1d" relativeResultsDirectory="0f1c531b-5c4f-4653-a3f8-2d4fc98de669" /></Results><TestDefinitions><UnitTest name="HotPotato.Proxy.Default.ProxyTest.ProcessAsync_CallsClient(method: &quot;PUT&quot;)" storage="m:\git\hotpotato .net\test\hotpotato.test\bin\debug\netcoreapp2.1\hotpotato.test.dll" id="a8473fd2-755c-4480-a72a-386ab91eefe9"><Execution id="64fe17d7-8094-447d-a4ce-37f565a31d64" /><TestMethod codeBase="M:\Git\HotPotato .NET\test\HotPotato.Test\bin\Debug\netcoreapp2.1\HotPotato.Test.dll" adapterTypeName="executor://xunit/VsTestRunner2/netcoreapp" className="HotPotato.Proxy.Default.ProxyTest" name="HotPotato.Proxy.Default.ProxyTest.ProcessAsync_CallsClient(method: &quot;PUT&quot;)" /></UnitTest><UnitTest name="HotPotato.Middleware.ProxyMiddlewareTest.Constructor_NullConfiguration_Throws" storage="m:\git\hotpotato .net\test\hotpotato.test\bin\debug\netcoreapp2.1\hotpotato.test.dll" id="2477f8b3-e3a1-4931-8731-f11ad5ecae49"><Execution id="2889ebc4-4b79-4e5b-8b5c-93824c8d8ca8" /><TestMethod codeBase="M:\Git\HotPotato .NET\test\HotPotato.Test\bin\Debug\netcoreapp2.1\HotPotato.Test.dll" adapterTypeName="executor://xunit/VsTestRunner2/netcoreapp" className="HotPotato.Middleware.ProxyMiddlewareTest" name="HotPotato.Middleware.ProxyMiddlewareTest.Constructor_NullConfiguration_Throws" /></UnitTest><UnitTest name="HotPotato.Middleware.ProxyMiddlewareTest.Invoke_Throws_Rethrows" storage="m:\git\hotpotato .net\test\hotpotato.test\bin\debug\netcoreapp2.1\hotpotato.test.dll" id="651be67f-c69e-4ac5-b040-a020f6bd0e5b"><Execution id="f9573703-ebfd-4204-8477-2260919b55bb" /><TestMethod codeBase="M:\Git\HotPotato .NET\test\HotPotato.Test\bin\Debug\netcoreapp2.1\HotPotato.Test.dll" adapterTypeName="executor://xunit/VsTestRunner2/netcoreapp" className="HotPotato.Middleware.ProxyMiddlewareTest" name="HotPotato.Middleware.ProxyMiddlewareTest.Invoke_Throws_Rethrows" /></UnitTest><UnitTest name="HotPotato.Proxy.Default.ProxyTest.ProcessAsync_CallsClient(method: &quot;POST&quot;)" storage="m:\git\hotpotato .net\test\hotpotato.test\bin\debug\netcoreapp2.1\hotpotato.test.dll" id="bc727c74-b601-49d2-a1f7-7491a1270901"><Execution id="ce1e7f4a-c667-4bee-b0a4-d7ea3b1f613b" /><TestMethod codeBase="M:\Git\HotPotato .NET\test\HotPotato.Test\bin\Debug\netcoreapp2.1\HotPotato.Test.dll" adapterTypeName="executor://xunit/VsTestRunner2/netcoreapp" className="HotPotato.Proxy.Default.ProxyTest" name="HotPotato.Proxy.Default.ProxyTest.ProcessAsync_CallsClient(method: &quot;POST&quot;)" /></UnitTest><UnitTest name="HotPotato.Matchers.PathMatcherTest.Match_NotInList_ReturnsEmpty" storage="m:\git\hotpotato .net\test\hotpotato.test\bin\debug\netcoreapp2.1\hotpotato.test.dll" id="badff1cc-07c1-4e1c-820f-8bcac997b761"><Execution id="68b37bb2-654b-4a3a-aaeb-c743349a9f23" /><TestMethod codeBase="M:\Git\HotPotato .NET\test\HotPotato.Test\bin\Debug\netcoreapp2.1\HotPotato.Test.dll" adapterTypeName="executor://xunit/VsTestRunner2/netcoreapp" className="HotPotato.Matchers.PathMatcherTest" name="HotPotato.Matchers.PathMatcherTest.Match_NotInList_ReturnsEmpty" /></UnitTest><UnitTest name="HotPotato.Http.HttpHeadersTest.Add_KeyDoesExist_AddsToList" storage="m:\git\hotpotato .net\test\hotpotato.test\bin\debug\netcoreapp2.1\hotpotato.test.dll" id="93505cc8-83cc-4580-98be-ed0d64d3b18f"><Execution id="fb8fdd77-2c78-476a-934f-b5346db6c721" /><TestMethod codeBase="M:\Git\HotPotato .NET\test\HotPotato.Test\bin\Debug\netcoreapp2.1\HotPotato.Test.dll" adapterTypeName="executor://xunit/VsTestRunner2/netcoreapp" className="HotPotato.Http.HttpHeadersTest" name="HotPotato.Http.HttpHeadersTest.Add_KeyDoesExist_AddsToList" /></UnitTest><UnitTest name="HotPotato.Proxy.Default.ProxyTest.ProcessAsync_CallsClient(method: &quot;GET&quot;)" storage="m:\git\hotpotato .net\test\hotpotato.test\bin\debug\netcoreapp2.1\hotpotato.test.dll" id="5bb83e3f-4e59-4441-bb43-31204a20b53b"><Execution id="34f30652-7af6-42b3-82c2-dee6c4ff71e7" /><TestMethod codeBase="M:\Git\HotPotato .NET\test\HotPotato.Test\bin\Debug\netcoreapp2.1\HotPotato.Test.dll" adapterTypeName="executor://xunit/VsTestRunner2/netcoreapp" className="HotPotato.Proxy.Default.ProxyTest" name="HotPotato.Proxy.Default.ProxyTest.ProcessAsync_CallsClient(method: &quot;GET&quot;)" /></UnitTest><UnitTest name="HotPotato.Matchers.PathMatcherTest.Match_WithNormalPaths" storage="m:\git\hotpotato .net\test\hotpotato.test\bin\debug\netcoreapp2.1\hotpotato.test.dll" id="0e86c6c4-b202-44fe-905a-8ade63f75bfb"><Execution id="1743f203-f2bf-4e38-9e7e-d574407b63db" /><TestMethod codeBase="M:\Git\HotPotato .NET\test\HotPotato.Test\bin\Debug\netcoreapp2.1\HotPotato.Test.dll" adapterTypeName="executor://xunit/VsTestRunner2/netcoreapp" className="HotPotato.Matchers.PathMatcherTest" name="HotPotato.Matchers.PathMatcherTest.Match_WithNormalPaths" /></UnitTest><UnitTest name="HotPotato.Proxy.Default.ProxyTest.ProcessAsync_CallsClient(method: &quot;DELETE&quot;)" storage="m:\git\hotpotato .net\test\hotpotato.test\bin\debug\netcoreapp2.1\hotpotato.test.dll" id="868bf168-b5f3-4eed-9301-114f08a95b08"><Execution id="18977f57-cd4c-4b55-bd93-85014fcfd711" /><TestMethod codeBase="M:\Git\HotPotato .NET\test\HotPotato.Test\bin\Debug\netcoreapp2.1\HotPotato.Test.dll" adapterTypeName="executor://xunit/VsTestRunner2/netcoreapp" className="HotPotato.Proxy.Default.ProxyTest" name="HotPotato.Proxy.Default.ProxyTest.ProcessAsync_CallsClient(method: &quot;DELETE&quot;)" /></UnitTest><UnitTest name="HotPotato.Http.HttpHeadersTest.Add_List_AppliesListToKey" storage="m:\git\hotpotato .net\test\hotpotato.test\bin\debug\netcoreapp2.1\hotpotato.test.dll" id="38188834-f362-48f1-99af-b972b21dcc09"><Execution id="46018a99-09cf-4cff-8ebe-69ead853bc76" /><TestMethod codeBase="M:\Git\HotPotato .NET\test\HotPotato.Test\bin\Debug\netcoreapp2.1\HotPotato.Test.dll" adapterTypeName="executor://xunit/VsTestRunner2/netcoreapp" className="HotPotato.Http.HttpHeadersTest" name="HotPotato.Http.HttpHeadersTest.Add_List_AppliesListToKey" /></UnitTest><UnitTest name="HotPotato.Middleware.ProxyMiddlewareTest.Constructor_NullProxy_Throws" storage="m:\git\hotpotato .net\test\hotpotato.test\bin\debug\netcoreapp2.1\hotpotato.test.dll" id="889a80bb-3b68-45aa-a0c0-c66b8d6d9862"><Execution id="77e89e3e-00cb-45b4-b653-a0722a275fe0" /><TestMethod codeBase="M:\Git\HotPotato .NET\test\HotPotato.Test\bin\Debug\netcoreapp2.1\HotPotato.Test.dll" adapterTypeName="executor://xunit/VsTestRunner2/netcoreapp" className="HotPotato.Middleware.ProxyMiddlewareTest" name="HotPotato.Middleware.ProxyMiddlewareTest.Constructor_NullProxy_Throws" /></UnitTest><UnitTest name="HotPotato.Matchers.PathMatcherTest.Match_ParamAtEnd" storage="m:\git\hotpotato .net\test\hotpotato.test\bin\debug\netcoreapp2.1\hotpotato.test.dll" id="527b9fbe-18c4-4b36-8cd6-8a1a032771ac"><Execution id="4122c9de-3754-4d09-abfe-cee0f90c79bc" /><TestMethod codeBase="M:\Git\HotPotato .NET\test\HotPotato.Test\bin\Debug\netcoreapp2.1\HotPotato.Test.dll" adapterTypeName="executor://xunit/VsTestRunner2/netcoreapp" className="HotPotato.Matchers.PathMatcherTest" name="HotPotato.Matchers.PathMatcherTest.Match_ParamAtEnd" /></UnitTest><UnitTest name="HotPotato.Validators.HeaderValidatorTest.Validate_ValidSchema" storage="m:\git\hotpotato .net\test\hotpotato.test\bin\debug\netcoreapp2.1\hotpotato.test.dll" id="d6edec59-dc55-406d-8603-c9966e901576"><Execution id="29fd379f-a744-4f65-8c98-7262c7daab55" /><TestMethod codeBase="M:\Git\HotPotato .NET\test\HotPotato.Test\bin\Debug\netcoreapp2.1\HotPotato.Test.dll" adapterTypeName="executor://xunit/VsTestRunner2/netcoreapp" className="HotPotato.Validators.HeaderValidatorTest" name="HotPotato.Validators.HeaderValidatorTest.Validate_ValidSchema" /></UnitTest><UnitTest name="HotPotato.Matchers.PathMatcherTest.Match_WithParameters" storage="m:\git\hotpotato .net\test\hotpotato.test\bin\debug\netcoreapp2.1\hotpotato.test.dll" id="aa3fffa1-67fe-4e65-94f9-4b7acef82ef2"><Execution id="33e5ab51-68c2-46da-ab2f-9a4afd40ddfa" /><TestMethod codeBase="M:\Git\HotPotato .NET\test\HotPotato.Test\bin\Debug\netcoreapp2.1\HotPotato.Test.dll" adapterTypeName="executor://xunit/VsTestRunner2/netcoreapp" className="HotPotato.Matchers.PathMatcherTest" name="HotPotato.Matchers.PathMatcherTest.Match_WithParameters" /></UnitTest><UnitTest name="HotPotato.Validators.HeaderValidatorTest.Validate_KeyNotFound" storage="m:\git\hotpotato .net\test\hotpotato.test\bin\debug\netcoreapp2.1\hotpotato.test.dll" id="9a4b3b1e-db93-40eb-8fbc-a8594eb6bf51"><Execution id="397178a5-81a5-4e03-a05f-6ceb62b3158c" /><TestMethod codeBase="M:\Git\HotPotato .NET\test\HotPotato.Test\bin\Debug\netcoreapp2.1\HotPotato.Test.dll" adapterTypeName="executor://xunit/VsTestRunner2/netcoreapp" className="HotPotato.Validators.HeaderValidatorTest" name="HotPotato.Validators.HeaderValidatorTest.Validate_KeyNotFound" /></UnitTest><UnitTest name="HotPotato.Proxy.Default.ProxyTest.ProcessAsync_CallsClient(method: &quot;OPTIONS&quot;)" storage="m:\git\hotpotato .net\test\hotpotato.test\bin\debug\netcoreapp2.1\hotpotato.test.dll" id="a4f9a45d-5cb4-4110-b237-0f9e2ee0f887"><Execution id="732512a3-3fa6-4953-a571-a18983bbf219" /><TestMethod codeBase="M:\Git\HotPotato .NET\test\HotPotato.Test\bin\Debug\netcoreapp2.1\HotPotato.Test.dll" adapterTypeName="executor://xunit/VsTestRunner2/netcoreapp" className="HotPotato.Proxy.Default.ProxyTest" name="HotPotato.Proxy.Default.ProxyTest.ProcessAsync_CallsClient(method: &quot;OPTIONS&quot;)" /></UnitTest><UnitTest name="HotPotato.Validators.BodyValidatorTest.Validate_InvalidBody" storage="m:\git\hotpotato .net\test\hotpotato.test\bin\debug\netcoreapp2.1\hotpotato.test.dll" id="91a0a756-6e05-44a1-a8d5-08def7e50390"><Execution id="838f64cb-875e-42bd-b9e6-eeb1e9f5823e" /><TestMethod codeBase="M:\Git\HotPotato .NET\test\HotPotato.Test\bin\Debug\netcoreapp2.1\HotPotato.Test.dll" adapterTypeName="executor://xunit/VsTestRunner2/netcoreapp" className="HotPotato.Validators.BodyValidatorTest" name="HotPotato.Validators.BodyValidatorTest.Validate_InvalidBody" /></UnitTest><UnitTest name="HotPotato.Middleware.ProxyMiddlewareTest.Constructor_NullLogger_Throws" storage="m:\git\hotpotato .net\test\hotpotato.test\bin\debug\netcoreapp2.1\hotpotato.test.dll" id="1823a539-0a71-44ec-866f-1e5d1d0eda1d"><Execution id="0f1c531b-5c4f-4653-a3f8-2d4fc98de669" /><TestMethod codeBase="M:\Git\HotPotato .NET\test\HotPotato.Test\bin\Debug\netcoreapp2.1\HotPotato.Test.dll" adapterTypeName="executor://xunit/VsTestRunner2/netcoreapp" className="HotPotato.Middleware.ProxyMiddlewareTest" name="HotPotato.Middleware.ProxyMiddlewareTest.Constructor_NullLogger_Throws" /></UnitTest><UnitTest name="HotPotato.Http.HttpHeadersTest.Add_KeyDoesntExist_CreatesKey" storage="m:\git\hotpotato .net\test\hotpotato.test\bin\debug\netcoreapp2.1\hotpotato.test.dll" id="ab769c89-4a5d-40b1-88af-54d2b178f4ca"><Execution id="8955923a-6660-4aea-8dbc-2823090e23da" /><TestMethod codeBase="M:\Git\HotPotato .NET\test\HotPotato.Test\bin\Debug\netcoreapp2.1\HotPotato.Test.dll" adapterTypeName="executor://xunit/VsTestRunner2/netcoreapp" className="HotPotato.Http.HttpHeadersTest" name="HotPotato.Http.HttpHeadersTest.Add_KeyDoesntExist_CreatesKey" /></UnitTest><UnitTest name="HotPotato.Validators.HeaderValidatorTest.Validate_InvalidSchema" storage="m:\git\hotpotato .net\test\hotpotato.test\bin\debug\netcoreapp2.1\hotpotato.test.dll" id="632ec446-cb34-417d-85f2-bcf68b922ddd"><Execution id="9bdc3882-a481-44ec-8695-db8e2070dc65" /><TestMethod codeBase="M:\Git\HotPotato .NET\test\HotPotato.Test\bin\Debug\netcoreapp2.1\HotPotato.Test.dll" adapterTypeName="executor://xunit/VsTestRunner2/netcoreapp" className="HotPotato.Validators.HeaderValidatorTest" name="HotPotato.Validators.HeaderValidatorTest.Validate_InvalidSchema" /></UnitTest><UnitTest name="HotPotato.Validators.BodyValidatorTest.Validate_ValidBody" storage="m:\git\hotpotato .net\test\hotpotato.test\bin\debug\netcoreapp2.1\hotpotato.test.dll" id="a1b3562a-4648-4969-9c44-4feeb8d26482"><Execution id="dbf8c33c-bfc9-4e8a-81c2-7fe224bddfb1" /><TestMethod codeBase="M:\Git\HotPotato .NET\test\HotPotato.Test\bin\Debug\netcoreapp2.1\HotPotato.Test.dll" adapterTypeName="executor://xunit/VsTestRunner2/netcoreapp" className="HotPotato.Validators.BodyValidatorTest" name="HotPotato.Validators.BodyValidatorTest.Validate_ValidBody" /></UnitTest><UnitTest name="HotPotato.Middleware.ProxyMiddlewareTest.Invoke_CallsProxy" storage="m:\git\hotpotato .net\test\hotpotato.test\bin\debug\netcoreapp2.1\hotpotato.test.dll" id="18dcdcb6-9b1d-4cc3-afe5-eb4a4f2a0c14"><Execution id="4526462a-badb-4cec-aa6f-7c8a8fffd2b3" /><TestMethod codeBase="M:\Git\HotPotato .NET\test\HotPotato.Test\bin\Debug\netcoreapp2.1\HotPotato.Test.dll" adapterTypeName="executor://xunit/VsTestRunner2/netcoreapp" className="HotPotato.Middleware.ProxyMiddlewareTest" name="HotPotato.Middleware.ProxyMiddlewareTest.Invoke_CallsProxy" /></UnitTest><UnitTest name="HotPotato.Proxy.Default.ProxyTest.ProcessAsync_CallsClient(method: &quot;PATCH&quot;)" storage="m:\git\hotpotato .net\test\hotpotato.test\bin\debug\netcoreapp2.1\hotpotato.test.dll" id="c2acd955-207f-4159-bb02-6f9d3d9da95d"><Execution id="fb0a519e-cf20-4195-aa51-bbc7e26daecc" /><TestMethod codeBase="M:\Git\HotPotato .NET\test\HotPotato.Test\bin\Debug\netcoreapp2.1\HotPotato.Test.dll" adapterTypeName="executor://xunit/VsTestRunner2/netcoreapp" className="HotPotato.Proxy.Default.ProxyTest" name="HotPotato.Proxy.Default.ProxyTest.ProcessAsync_CallsClient(method: &quot;PATCH&quot;)" /></UnitTest></TestDefinitions><TestEntries><TestEntry testId="2477f8b3-e3a1-4931-8731-f11ad5ecae49" executionId="2889ebc4-4b79-4e5b-8b5c-93824c8d8ca8" testListId="8c84fa94-04c1-424b-9868-57a2d4851a1d" /><TestEntry testId="527b9fbe-18c4-4b36-8cd6-8a1a032771ac" executionId="4122c9de-3754-4d09-abfe-cee0f90c79bc" testListId="8c84fa94-04c1-424b-9868-57a2d4851a1d" /><TestEntry testId="bc727c74-b601-49d2-a1f7-7491a1270901" executionId="ce1e7f4a-c667-4bee-b0a4-d7ea3b1f613b" testListId="8c84fa94-04c1-424b-9868-57a2d4851a1d" /><TestEntry testId="9a4b3b1e-db93-40eb-8fbc-a8594eb6bf51" executionId="397178a5-81a5-4e03-a05f-6ceb62b3158c" testListId="8c84fa94-04c1-424b-9868-57a2d4851a1d" /><TestEntry testId="d6edec59-dc55-406d-8603-c9966e901576" executionId="29fd379f-a744-4f65-8c98-7262c7daab55" testListId="8c84fa94-04c1-424b-9868-57a2d4851a1d" /><TestEntry testId="5bb83e3f-4e59-4441-bb43-31204a20b53b" executionId="34f30652-7af6-42b3-82c2-dee6c4ff71e7" testListId="8c84fa94-04c1-424b-9868-57a2d4851a1d" /><TestEntry testId="93505cc8-83cc-4580-98be-ed0d64d3b18f" executionId="fb8fdd77-2c78-476a-934f-b5346db6c721" testListId="8c84fa94-04c1-424b-9868-57a2d4851a1d" /><TestEntry testId="91a0a756-6e05-44a1-a8d5-08def7e50390" executionId="838f64cb-875e-42bd-b9e6-eeb1e9f5823e" testListId="8c84fa94-04c1-424b-9868-57a2d4851a1d" /><TestEntry testId="38188834-f362-48f1-99af-b972b21dcc09" executionId="46018a99-09cf-4cff-8ebe-69ead853bc76" testListId="8c84fa94-04c1-424b-9868-57a2d4851a1d" /><TestEntry testId="651be67f-c69e-4ac5-b040-a020f6bd0e5b" executionId="f9573703-ebfd-4204-8477-2260919b55bb" testListId="8c84fa94-04c1-424b-9868-57a2d4851a1d" /><TestEntry testId="868bf168-b5f3-4eed-9301-114f08a95b08" executionId="18977f57-cd4c-4b55-bd93-85014fcfd711" testListId="8c84fa94-04c1-424b-9868-57a2d4851a1d" /><TestEntry testId="a4f9a45d-5cb4-4110-b237-0f9e2ee0f887" executionId="732512a3-3fa6-4953-a571-a18983bbf219" testListId="8c84fa94-04c1-424b-9868-57a2d4851a1d" /><TestEntry testId="aa3fffa1-67fe-4e65-94f9-4b7acef82ef2" executionId="33e5ab51-68c2-46da-ab2f-9a4afd40ddfa" testListId="8c84fa94-04c1-424b-9868-57a2d4851a1d" /><TestEntry testId="c2acd955-207f-4159-bb02-6f9d3d9da95d" executionId="fb0a519e-cf20-4195-aa51-bbc7e26daecc" testListId="8c84fa94-04c1-424b-9868-57a2d4851a1d" /><TestEntry testId="a8473fd2-755c-4480-a72a-386ab91eefe9" executionId="64fe17d7-8094-447d-a4ce-37f565a31d64" testListId="8c84fa94-04c1-424b-9868-57a2d4851a1d" /><TestEntry testId="a1b3562a-4648-4969-9c44-4feeb8d26482" executionId="dbf8c33c-bfc9-4e8a-81c2-7fe224bddfb1" testListId="8c84fa94-04c1-424b-9868-57a2d4851a1d" /><TestEntry testId="badff1cc-07c1-4e1c-820f-8bcac997b761" executionId="68b37bb2-654b-4a3a-aaeb-c743349a9f23" testListId="8c84fa94-04c1-424b-9868-57a2d4851a1d" /><TestEntry testId="889a80bb-3b68-45aa-a0c0-c66b8d6d9862" executionId="77e89e3e-00cb-45b4-b653-a0722a275fe0" testListId="8c84fa94-04c1-424b-9868-57a2d4851a1d" /><TestEntry testId="ab769c89-4a5d-40b1-88af-54d2b178f4ca" executionId="8955923a-6660-4aea-8dbc-2823090e23da" testListId="8c84fa94-04c1-424b-9868-57a2d4851a1d" /><TestEntry testId="18dcdcb6-9b1d-4cc3-afe5-eb4a4f2a0c14" executionId="4526462a-badb-4cec-aa6f-7c8a8fffd2b3" testListId="8c84fa94-04c1-424b-9868-57a2d4851a1d" /><TestEntry testId="0e86c6c4-b202-44fe-905a-8ade63f75bfb" executionId="1743f203-f2bf-4e38-9e7e-d574407b63db" testListId="8c84fa94-04c1-424b-9868-57a2d4851a1d" /><TestEntry testId="632ec446-cb34-417d-85f2-bcf68b922ddd" executionId="9bdc3882-a481-44ec-8695-db8e2070dc65" testListId="8c84fa94-04c1-424b-9868-57a2d4851a1d" /><TestEntry testId="1823a539-0a71-44ec-866f-1e5d1d0eda1d" executionId="0f1c531b-5c4f-4653-a3f8-2d4fc98de669" testListId="8c84fa94-04c1-424b-9868-57a2d4851a1d" /></TestEntries><TestLists><TestList name="Results Not in a List" id="8c84fa94-04c1-424b-9868-57a2d4851a1d" /><TestList name="All Loaded Results" id="19431567-8539-422a-85d7-44ee4e166bda" /></TestLists><ResultSummary outcome="Completed"><Counters total="23" executed="23" passed="23" failed="0" error="0" timeout="0" aborted="0" inconclusive="0" passedButRunAborted="0" notRunnable="0" notExecuted="0" disconnected="0" warning="0" completed="0" inProgress="0" pending="0" /><Output><StdOut>[xUnit.net 00:00:00.5477336]   Discovering: HotPotato.Test[xUnit.net 00:00:00.6225336]   Discovered:  HotPotato.Test[xUnit.net 00:00:00.6288044]   Starting:    HotPotato.Test[xUnit.net 00:00:01.0096069]   Finished:    HotPotato.Test</StdOut></Output></ResultSummary></TestRun>